Executing test RheobaseTest on model -0.0027462131251819984... Running a simulation of 1600ms (dt = 0.0025ms)
Finished NEURON simulation in 3.328452 seconds (0.055474 mins)...
Running a simulation of 1600ms (dt = 0.0025ms)
Finished NEURON simulation in 2.868324 seconds (0.047805 mins)...
Number of spikes is!
0
Injected 0.0 pA current and got 0 spikes
Running a simulation of 1600ms (dt = 0.0025ms)
Finished NEURON simulation in 2.707271 seconds (0.045121 mins)...
Number of spikes is!
50
Injected 260.0 pA current and got 50 spikes
Running a simulation of 1600ms (dt = 0.0025ms)
Finished NEURON simulation in 2.831172 seconds (0.047186 mins)...
Number of spikes is!
23
Injected 130.0 pA current and got 23 spikes
Running a simulation of 1600ms (dt = 0.0025ms)
Finished NEURON simulation in 3.296369 seconds (0.054939 mins)...
Number of spikes is!
7
Injected 65.0 pA current and got 7 spikes
Running a simulation of 1600ms (dt = 0.0025ms)
Finished NEURON simulation in 3.221606 seconds (0.053693 mins)...
Number of spikes is!
0
Injected 32.5 pA current and got 0 spikes
Running a simulation of 1600ms (dt = 0.0025ms)
Finished NEURON simulation in 2.992373 seconds (0.049873 mins)...
Number of spikes is!
2
Injected 48.75 pA current and got 2 spikes
Running a simulation of 1600ms (dt = 0.0025ms)
Finished NEURON simulation in 3.605293 seconds (0.060088 mins)...
Number of spikes is!
0
Injected 40.625 pA current and got 0 spikes
Running a simulation of 1600ms (dt = 0.0025ms)
Finished NEURON simulation in 3.803237 seconds (0.063387 mins)...
Number of spikes is!
0
Injected 44.6875 pA current and got 0 spikes
Running a simulation of 1600ms (dt = 0.0025ms)
Finished NEURON simulation in 2.918778 seconds (0.048646 mins)...
Number of spikes is!
1
Injected 46.71875 pA current and got 1 spikes
Running a simulation of 1600ms (dt = 0.0025ms)
Finished NEURON simulation in 3.155019 seconds (0.052584 mins)...
Number of spikes is!
1
Injected 45.703125 pA current and got 1 spikes
Running a simulation of 1600ms (dt = 0.0025ms)
Finished NEURON simulation in 2.660963 seconds (0.044349 mins)...
Number of spikes is!
0
Injected 45.1953125 pA current and got 0 spikes
Running a simulation of 1600ms (dt = 0.0025ms)
Finished NEURON simulation in 3.556387 seconds (0.059273 mins)...
Number of spikes is!
0
Injected 45.44921875 pA current and got 0 spikes
Highest subthreshold current is 45.45 pA
Lowest suprathreshold current is 45.7 pA
Score is Ratio = 0.35
5
Executing test InputResistanceTest on model -0.0027462131251819984... Running a simulation of 1600ms (dt = 0.0025ms)
Finished NEURON simulation in 2.800462 seconds (0.046674 mins)...
Score is Z = -1.55
Executing test RestingPotentialTest on model -0.0027462131251819984... Running a simulation of 1600ms (dt = 0.0025ms)
Finished NEURON simulation in 3.106533 seconds (0.051776 mins)...
Running a simulation of 1600ms (dt = 0.0025ms)
Finished NEURON simulation in 3.518899 seconds (0.058648 mins)...
Score is Z = 2.13
Executing test InjectedCurrentAPWidthTest on model -0.0027462131251819984... Running a simulation of 1600ms (dt = 0.0025ms)
Finished NEURON simulation in 2.870292 seconds (0.047838 mins)...
[ 2.] 1 1
[ 0.005] s 0.0025 s [  1.25000000e-05] s**2
Running a simulation of 1600ms (dt = 0.0025ms)
Finished NEURON simulation in 3.204804 seconds (0.053413 mins)...
Score is Z = 7.10
Executing test InjectedCurrentAPThresholdTest on model -0.0027462131251819984... Running a simulation of 1600ms (dt = 0.0025ms)
Finished NEURON simulation in 3.012077 seconds (0.050201 mins)...
Running a simulation of 1600ms (dt = 0.0025ms)
Finished NEURON simulation in 2.674823 seconds (0.044580 mins)...
Score is Z = 5.31
