Executing test RheobaseTest on model -0.002983890192940056... Running a simulation of 1600ms (dt = 0.0025ms)
Finished NEURON simulation in 2.812436 seconds (0.046874 mins)...
Running a simulation of 1600ms (dt = 0.0025ms)
Finished NEURON simulation in 3.100219 seconds (0.051670 mins)...
Number of spikes is!
0
Injected 0.0 pA current and got 0 spikes
Running a simulation of 1600ms (dt = 0.0025ms)
Finished NEURON simulation in 3.128275 seconds (0.052138 mins)...
Number of spikes is!
33
Injected 260.0 pA current and got 33 spikes
Running a simulation of 1600ms (dt = 0.0025ms)
Finished NEURON simulation in 3.783655 seconds (0.063061 mins)...
Number of spikes is!
13
Injected 130.0 pA current and got 13 spikes
Running a simulation of 1600ms (dt = 0.0025ms)
Finished NEURON simulation in 2.847570 seconds (0.047460 mins)...
Number of spikes is!
4
Injected 65.0 pA current and got 4 spikes
Running a simulation of 1600ms (dt = 0.0025ms)
Finished NEURON simulation in 3.055756 seconds (0.050929 mins)...
Number of spikes is!
0
Injected 32.5 pA current and got 0 spikes
Running a simulation of 1600ms (dt = 0.0025ms)
Finished NEURON simulation in 3.633298 seconds (0.060555 mins)...
Number of spikes is!
0
Injected 48.75 pA current and got 0 spikes
Running a simulation of 1600ms (dt = 0.0025ms)
Finished NEURON simulation in 2.719940 seconds (0.045332 mins)...
Number of spikes is!
2
Injected 56.875 pA current and got 2 spikes
Running a simulation of 1600ms (dt = 0.0025ms)
Finished NEURON simulation in 2.942905 seconds (0.049048 mins)...
Number of spikes is!
1
Injected 52.8125 pA current and got 1 spikes
Running a simulation of 1600ms (dt = 0.0025ms)
Finished NEURON simulation in 3.176762 seconds (0.052946 mins)...
Number of spikes is!
0
Injected 50.78125 pA current and got 0 spikes
Running a simulation of 1600ms (dt = 0.0025ms)
Finished NEURON simulation in 2.833210 seconds (0.047220 mins)...
Number of spikes is!
0
Injected 51.796875 pA current and got 0 spikes
Running a simulation of 1600ms (dt = 0.0025ms)
Finished NEURON simulation in 2.778955 seconds (0.046316 mins)...
Number of spikes is!
1
Injected 52.3046875 pA current and got 1 spikes
Running a simulation of 1600ms (dt = 0.0025ms)
Finished NEURON simulation in 4.078958 seconds (0.067983 mins)...
Number of spikes is!
1
Injected 52.05078125 pA current and got 1 spikes
Highest subthreshold current is 51.8 pA
Lowest suprathreshold current is 52.05 pA
Score is Ratio = 0.40
5
Executing test InputResistanceTest on model -0.002983890192940056... Running a simulation of 1600ms (dt = 0.0025ms)
Finished NEURON simulation in 3.460021 seconds (0.057667 mins)...
Score is Z = -1.55
Executing test RestingPotentialTest on model -0.002983890192940056... Running a simulation of 1600ms (dt = 0.0025ms)
Finished NEURON simulation in 2.980386 seconds (0.049673 mins)...
Running a simulation of 1600ms (dt = 0.0025ms)
Finished NEURON simulation in 3.319456 seconds (0.055324 mins)...
Score is Z = 2.07
Executing test InjectedCurrentAPWidthTest on model -0.002983890192940056... Running a simulation of 1600ms (dt = 0.0025ms)
Finished NEURON simulation in 2.954749 seconds (0.049246 mins)...
[ 2.] 1 1
[ 0.005] s 0.0025 s [  1.25000000e-05] s**2
Running a simulation of 1600ms (dt = 0.0025ms)
Finished NEURON simulation in 2.773779 seconds (0.046230 mins)...
Score is Z = 7.10
Executing test InjectedCurrentAPThresholdTest on model -0.002983890192940056... Running a simulation of 1600ms (dt = 0.0025ms)
Finished NEURON simulation in 3.479409 seconds (0.057990 mins)...
Running a simulation of 1600ms (dt = 0.0025ms)
Finished NEURON simulation in 2.738257 seconds (0.045638 mins)...
Score is Z = 5.31
