Executing test RheobaseTest on model -0.0028708327334996085... Running a simulation of 1600ms (dt = 0.0025ms)
Finished NEURON simulation in 3.012528 seconds (0.050209 mins)...
Running a simulation of 1600ms (dt = 0.0025ms)
Finished NEURON simulation in 3.772060 seconds (0.062868 mins)...
Number of spikes is!
0
Injected 0.0 pA current and got 0 spikes
Running a simulation of 1600ms (dt = 0.0025ms)
Finished NEURON simulation in 3.014220 seconds (0.050237 mins)...
Number of spikes is!
48
Injected 260.0 pA current and got 48 spikes
Running a simulation of 1600ms (dt = 0.0025ms)
Finished NEURON simulation in 2.924556 seconds (0.048743 mins)...
Number of spikes is!
24
Injected 130.0 pA current and got 24 spikes
Running a simulation of 1600ms (dt = 0.0025ms)
Finished NEURON simulation in 3.337262 seconds (0.055621 mins)...
Number of spikes is!
10
Injected 65.0 pA current and got 10 spikes
Running a simulation of 1600ms (dt = 0.0025ms)
Finished NEURON simulation in 3.129312 seconds (0.052155 mins)...
Number of spikes is!
2
Injected 32.5 pA current and got 2 spikes
Running a simulation of 1600ms (dt = 0.0025ms)
Finished NEURON simulation in 3.597857 seconds (0.059964 mins)...
Number of spikes is!
0
Injected 16.25 pA current and got 0 spikes
Running a simulation of 1600ms (dt = 0.0025ms)
Finished NEURON simulation in 3.740376 seconds (0.062340 mins)...
Number of spikes is!
0
Injected 24.375 pA current and got 0 spikes
Running a simulation of 1600ms (dt = 0.0025ms)
Finished NEURON simulation in 3.361080 seconds (0.056018 mins)...
Number of spikes is!
0
Injected 28.4375 pA current and got 0 spikes
Running a simulation of 1600ms (dt = 0.0025ms)
Finished NEURON simulation in 3.682378 seconds (0.061373 mins)...
Number of spikes is!
0
Injected 30.46875 pA current and got 0 spikes
Running a simulation of 1600ms (dt = 0.0025ms)
Finished NEURON simulation in 3.005174 seconds (0.050086 mins)...
Number of spikes is!
1
Injected 31.484375 pA current and got 1 spikes
Running a simulation of 1600ms (dt = 0.0025ms)
Finished NEURON simulation in 3.855041 seconds (0.064251 mins)...
Number of spikes is!
0
Injected 30.9765625 pA current and got 0 spikes
Running a simulation of 1600ms (dt = 0.0025ms)
Finished NEURON simulation in 3.789240 seconds (0.063154 mins)...
Number of spikes is!
1
Injected 31.23046875 pA current and got 1 spikes
Highest subthreshold current is 30.98 pA
Lowest suprathreshold current is 31.23 pA
Score is Ratio = 0.24
5
Executing test InputResistanceTest on model -0.0028708327334996085... Running a simulation of 1600ms (dt = 0.0025ms)
Finished NEURON simulation in 3.122936 seconds (0.052049 mins)...
Score is Z = -2.19
Executing test RestingPotentialTest on model -0.0028708327334996085... Running a simulation of 1600ms (dt = 0.0025ms)
Finished NEURON simulation in 2.999328 seconds (0.049989 mins)...
Running a simulation of 1600ms (dt = 0.0025ms)
Finished NEURON simulation in 2.918063 seconds (0.048634 mins)...
Score is Z = 2.52
Executing test InjectedCurrentAPWidthTest on model -0.0028708327334996085... Running a simulation of 1600ms (dt = 0.0025ms)
Finished NEURON simulation in 2.558730 seconds (0.042645 mins)...
[ 2.] 1 1
[ 0.005] s 0.0025 s [  1.25000000e-05] s**2
Running a simulation of 1600ms (dt = 0.0025ms)
Finished NEURON simulation in 2.553019 seconds (0.042550 mins)...
Score is Z = 7.10
Executing test InjectedCurrentAPThresholdTest on model -0.0028708327334996085... Running a simulation of 1600ms (dt = 0.0025ms)
Finished NEURON simulation in 3.381432 seconds (0.056357 mins)...
Running a simulation of 1600ms (dt = 0.0025ms)
Finished NEURON simulation in 1.318300 seconds (0.021972 mins)...
Score is Z = 5.31
